// Jest Snapshot v1, https://goo.gl/fbAQLP

exports[`App should get default app in the expected html format 1`] = `
<div>
  <div
    class="App"
  >
    <header
      class="App-header"
      style="background-image: url(/farm.jpg); background-position: center; background-size: cover; background-repeat: no-repeat;"
    >
      <h1>
        River trip adviser
      </h1>
    </header>
    <div
      class="App-content"
    >
      <form>
        <legend>
          Plan your trip
        </legend>
        <fieldset>
          <div
            class="input-group"
          >
            <label
              forhtml="cornQuantity"
            >
              Corn Quantity:
            </label>
            <input
              id="cornQuantity"
              min="0"
              name="quantity"
              type="number"
              value="0"
            />
          </div>
          <div
            class="input-group"
          >
            <label
              forhtml="geeseQuantity"
            >
              Geese Quantity:
            </label>
            <input
              id="geeseQuantity"
              min="0"
              name="quantity"
              type="number"
              value="0"
            />
          </div>
        </fieldset>
        <label>
          Â£ 
          0.25
        </label>
        <p
          class="user-info"
        >
          No cargo to take
        </p>
        <p
          class="user-info"
        >
          Trip Count: 
          1
        </p>
      </form>
    </div>
  </div>
</div>
`;
