// Jest Snapshot v1, https://goo.gl/fbAQLP

exports[`App should get default app in the expected html format 1`] = `
<div>
  <div
    class="App"
  >
    <header
      class="App-header"
      style="background-image: url(/farm.jpg); background-position: center; background-size: cover; background-repeat: no-repeat;"
    >
      <h1>
        River trip adviser
      </h1>
    </header>
    <div
      class="App-content"
    >
      <label
        forhtml="cornQuantity"
      >
        Corn Quantity:
      </label>
      <input
        id="cornQuantity"
        name="quantity"
        type="number"
        value="1"
      />
      <br />
      <label>
        Â£ 
        0.25
      </label>
    </div>
  </div>
</div>
`;
